stopped at global state 3chapter
